admin/auctions_csv/abc.csv
Date      ;APF NO    ;APF Name                                                                                            ;No.of Bales;Qty Sold      ;Avg Price     
28-03-2022;17;Devarapalli                                                                                         ;27;3627.6;191.37
29-03-2022;17;Devarapalli                                                                                         ;193;25990.6;182.36
30-03-2022;17;Devarapalli                                                                                         ;286;38338.4;180.15
31-03-2022;17;Devarapalli                                                                                         ;269;34507.1;177.86
01-04-2022;17;Devarapalli                                                                                         ;308;40427.3;178.26
04-04-2022;17;Devarapalli                                                                                         ;439;59320;180.24
05-04-2022;17;Devarapalli                                                                                         ;472;63430.6;180.1
06-04-2022;17;Devarapalli                                                                                         ;535;70310.6;176.23
07-04-2022;17;Devarapalli                                                                                         ;372;49672.5;180.81
08-04-2022;17;Devarapalli                                                                                         ;474;62500.9;179.02
09-04-2022;17;Devarapalli                                                                                         ;318;41282.7;177.01
11-04-2022;17;Devarapalli                                                                                         ;296;38774.8;178.71
12-04-2022;17;Devarapalli                                                                                         ;594;77666.8;175.98
13-04-2022;17;Devarapalli                                                                                         ;591;77252.9;178.71
18-04-2022;17;Devarapalli                                                                                         ;377;49413.4;178.65
19-04-2022;17;Devarapalli                                                                                         ;534;68485.2;181.32
20-04-2022;17;Devarapalli                                                                                         ;459;58805.2;178.56
21-04-2022;17;Devarapalli                                                                                         ;576;75301.5;180.8
22-04-2022;17;Devarapalli                                                                                         ;753;98474;178.95
23-04-2022;17;Devarapalli                                                                                         ;494;63493.1;176.86
25-04-2022;17;Devarapalli                                                                                         ;415;53891.7;178.11
26-04-2022;17;Devarapalli                                                                                         ;661;86414.3;176.56
27-04-2022;17;Devarapalli                                                                                         ;694;88415.7;175.81
28-04-2022;17;Devarapalli                                                                                         ;633;82291.4;173.33
29-04-2022;17;Devarapalli                                                                                         ;563;72777.5;171.67
30-04-2022;17;Devarapalli                                                                                         ;407;52014.9;172.32
02-05-2022;17;Devarapalli                                                                                         ;684;87241.5;174.81
04-05-2022;17;Devarapalli                                                                                         ;801;104024.4;170.96
05-05-2022;17;Devarapalli                                                                                         ;539;68252.1;173.35
06-05-2022;17;Devarapalli                                                                                         ;720;90511.2;177.09
07-05-2022;17;Devarapalli                                                                                         ;353;44600.4;172.06
09-05-2022;17;Devarapalli                                                                                         ;713;89641.5;176.84
10-05-2022;17;Devarapalli                                                                                         ;717;90174.6;177.04
11-05-2022;17;Devarapalli                                                                                         ;528;65258.7;175.95
12-05-2022;17;Devarapalli                                                                                         ;789;97816.7;178.7
13-05-2022;17;Devarapalli                                                                                         ;771;94668.8;174.71
14-05-2022;17;Devarapalli                                                                                         ;656;79814.4;173.71
17-05-2022;17;Devarapalli                                                                                         ;944;116772.3;172.09
18-05-2022;17;Devarapalli                                                                                         ;677;84164.9;174.59
19-05-2022;17;Devarapalli                                                                                         ;1044;129859.9;178.8
20-05-2022;17;Devarapalli                                                                                         ;717;88481.6;174.88
21-05-2022;17;Devarapalli                                                                                         ;551;68470;173.72
23-05-2022;17;Devarapalli                                                                                         ;532;66599.3;178.32
24-05-2022;17;Devarapalli                                                                                         ;488;58920.9;176.77
25-05-2022;17;Devarapalli                                                                                         ;548;68503;177.52
26-05-2022;17;Devarapalli                                                                                         ;564;70979.1;183.87
27-05-2022;17;Devarapalli                                                                                         ;757;91489.1;180.51
28-05-2022;17;Devarapalli                                                                                         ;707;84977.8;177.54
30-05-2022;17;Devarapalli                                                                                         ;608;73396.8;175.52
31-05-2022;17;Devarapalli                                                                                         ;693;86790.5;181.14
01-06-2022;17;Devarapalli                                                                                         ;589;74136.9;181.94
02-06-2022;17;Devarapalli                                                                                         ;616;74817.4;181.05
28-03-2022;18;J.R. Gudem - I                                                                                      ;27;3620.8;195
29-03-2022;18;J.R. Gudem - I                                                                                      ;131;17614.2;187.23
30-03-2022;18;J.R. Gudem - I                                                                                      ;144;18928.8;183.17
31-03-2022;18;J.R. Gudem - I                                                                                      ;81;10623;181.46
01-04-2022;18;J.R. Gudem - I                                                                                      ;111;14682.1;179.51
04-04-2022;18;J.R. Gudem - I                                                                                      ;186;24977;185.12
05-04-2022;18;J.R. Gudem - I                                                                                      ;245;32178.4;181.62
06-04-2022;18;J.R. Gudem - I                                                                                      ;460;59846.7;179.96
07-04-2022;18;J.R. Gudem - I                                                                                      ;275;35010.1;175.61
08-04-2022;18;J.R. Gudem - I                                                                                      ;570;71358.8;170.95
09-04-2022;18;J.R. Gudem - I                                                                                      ;341;42308.6;166.82
11-04-2022;18;J.R. Gudem - I                                                                                      ;704;89537.2;172.43
12-04-2022;18;J.R. Gudem - I                                                                                      ;963;121996.6;172.57
13-04-2022;18;J.R. Gudem - I                                                                                      ;941;119491.5;173.56
18-04-2022;18;J.R. Gudem - I                                                                                      ;812;104152.3;175.43
19-04-2022;18;J.R. Gudem - I                                                                                      ;682;83891.1;170.96
20-04-2022;18;J.R. Gudem - I                                                                                      ;580;72372.7;172.75
21-04-2022;18;J.R. Gudem - I                                                                                      ;848;103776.2;173.45
22-04-2022;18;J.R. Gudem - I                                                                                      ;865;112206.4;178.33
23-04-2022;18;J.R. Gudem - I                                                                                      ;374;46350.2;173.55
25-04-2022;18;J.R. Gudem - I                                                                                      ;1025;125077.9;175.4
26-04-2022;18;J.R. Gudem - I                                                                                      ;746;93827.3;177.71
27-04-2022;18;J.R. Gudem - I                                                                                      ;973;123117.2;178.33
28-04-2022;18;J.R. Gudem - I                                                                                      ;659;81694.6;175.87
29-04-2022;18;J.R. Gudem - I                                                                                      ;606;72561.6;178.88
30-04-2022;18;J.R. Gudem - I                                                                                      ;595;72211.4;172.23
02-05-2022;18;J.R. Gudem - I                                                                                      ;856;106318.8;177.52
04-05-2022;18;J.R. Gudem - I                                                                                      ;1165;149033.1;183
05-05-2022;18;J.R. Gudem - I                                                                                      ;882;107313.2;179.32
06-05-2022;18;J.R. Gudem - I                                                                                      ;707;87262.2;182.98
07-05-2022;18;J.R. Gudem - I                                                                                      ;770;95975.6;184.59
09-05-2022;18;J.R. Gudem - I                                                                                      ;1101;137761.7;184.83
10-05-2022;18;J.R. Gudem - I                                                                                      ;979;118694.1;184.47
11-05-2022;18;J.R. Gudem - I                                                                                      ;678;81377.9;180.57
12-05-2022;18;J.R. Gudem - I                                                                                      ;951;116185.5;184
13-05-2022;18;J.R. Gudem - I                                                                                      ;818;99871.7;182.32
14-05-2022;18;J.R. Gudem - I                                                                                      ;1102;131452.2;182.97
17-05-2022;18;J.R. Gudem - I                                                                                      ;780;93428.1;181.21
18-05-2022;18;J.R. Gudem - I                                                                                      ;887;109846.9;184.41
19-05-2022;18;J.R. Gudem - I                                                                                      ;1051;130337.5;187.25
20-05-2022;18;J.R. Gudem - I                                                                                      ;1105;130579.9;182.26
21-05-2022;18;J.R. Gudem - I                                                                                      ;616;73222.3;180.32
23-05-2022;18;J.R. Gudem - I                                                                                      ;937;116354.6;184.74
24-05-2022;18;J.R. Gudem - I                                                                                      ;908;109532.5;182.89
25-05-2022;18;J.R. Gudem - I                                                                                      ;823;97489.9;183.52
26-05-2022;18;J.R. Gudem - I                                                                                      ;518;62189.3;186.01
27-05-2022;18;J.R. Gudem - I                                                                                      ;706;86722.8;185.72
28-05-2022;18;J.R. Gudem - I                                                                                      ;837;96299.4;179.8
30-05-2022;18;J.R. Gudem - I                                                                                      ;1036;116123.1;181.93
31-05-2022;18;J.R. Gudem - I                                                                                      ;926;104292.7;180.6
01-06-2022;18;J.R. Gudem - I                                                                                      ;873;103676.8;180.49
02-06-2022;18;J.R. Gudem - I                                                                                      ;948;111395.5;182.67
