admin/auctions_csv/abc.csv
Date      ;APF NO    ;APF Name                                                                                            ;No.of Bales;Qty Sold      ;Avg Price     
14-03-2022;25;Kondepi                                                                                             ;17;2231.8;185
15-03-2022;25;Kondepi                                                                                             ;36;4806.7;184.31
16-03-2022;25;Kondepi                                                                                             ;277;35453.7;182.72
17-03-2022;25;Kondepi                                                                                             ;377;47288;182.02
18-03-2022;25;Kondepi                                                                                             ;488;63132.2;182.75
19-03-2022;25;Kondepi                                                                                             ;492;61777.7;183.43
21-03-2022;25;Kondepi                                                                                             ;735;92753.4;183.01
22-03-2022;25;Kondepi                                                                                             ;591;79163.5;182.9
23-03-2022;25;Kondepi                                                                                             ;536;70363.8;182.82
24-03-2022;25;Kondepi                                                                                             ;671;84824.9;183.74
25-03-2022;25;Kondepi                                                                                             ;739;97062;183.82
26-03-2022;25;Kondepi                                                                                             ;636;82665.9;183.09
28-03-2022;25;Kondepi                                                                                             ;920;119825.2;184.07
29-03-2022;25;Kondepi                                                                                             ;914;117010.4;184.75
30-03-2022;25;Kondepi                                                                                             ;893;115660.7;183.95
31-03-2022;25;Kondepi                                                                                             ;913;120379.8;184.07
01-04-2022;25;Kondepi                                                                                             ;566;76191.5;182.02
04-04-2022;25;Kondepi                                                                                             ;799;104909.6;183.7
05-04-2022;25;Kondepi                                                                                             ;740;95816.7;183.27
06-04-2022;25;Kondepi                                                                                             ;790;103255.2;182.74
07-04-2022;25;Kondepi                                                                                             ;773;104722.7;180.56
08-04-2022;25;Kondepi                                                                                             ;623;82031.4;179.31
09-04-2022;25;Kondepi                                                                                             ;865;113266.8;182.47
11-04-2022;25;Kondepi                                                                                             ;997;132134.6;182.1
12-04-2022;25;Kondepi                                                                                             ;759;101148.9;180.83
13-04-2022;25;Kondepi                                                                                             ;913;119052.1;181.32
18-04-2022;25;Kondepi                                                                                             ;894;117828.2;181.19
19-04-2022;25;Kondepi                                                                                             ;723;95399.3;181.67
20-04-2022;25;Kondepi                                                                                             ;658;88128.5;180.55
21-04-2022;25;Kondepi                                                                                             ;771;100055.2;167.36
22-04-2022;25;Kondepi                                                                                             ;750;95794.1;163.81
23-04-2022;25;Kondepi                                                                                             ;793;99540.6;164.51
25-04-2022;25;Kondepi                                                                                             ;796;100791.2;169.28
26-04-2022;25;Kondepi                                                                                             ;945;122390.6;172.96
27-04-2022;25;Kondepi                                                                                             ;772;99027.5;164.68
28-04-2022;25;Kondepi                                                                                             ;836;107184.6;162.14
29-04-2022;25;Kondepi                                                                                             ;939;121685.2;165.18
30-04-2022;25;Kondepi                                                                                             ;821;105444;157.9
02-05-2022;25;Kondepi                                                                                             ;1014;128077.1;162.33
04-05-2022;25;Kondepi                                                                                             ;836;105703.9;157.82
05-05-2022;25;Kondepi                                                                                             ;893;116027.4;161.38
06-05-2022;25;Kondepi                                                                                             ;907;114961;161.75
07-05-2022;25;Kondepi                                                                                             ;986;120271.2;162.51
09-05-2022;25;Kondepi                                                                                             ;916;110264;160.46
10-05-2022;25;Kondepi                                                                                             ;768;89697.7;164.01
12-05-2022;25;Kondepi                                                                                             ;910;108625.5;162.07
13-05-2022;25;Kondepi                                                                                             ;1035;126919.5;163.58
14-05-2022;25;Kondepi                                                                                             ;793;96903;161.38
17-05-2022;25;Kondepi                                                                                             ;973;120721.6;160.44
18-05-2022;25;Kondepi                                                                                             ;1083;136316.1;164.83
19-05-2022;25;Kondepi                                                                                             ;806;100671.9;170.88
20-05-2022;25;Kondepi                                                                                             ;1054;128489.4;172.41
21-05-2022;25;Kondepi                                                                                             ;995;118102.9;178.46
23-05-2022;25;Kondepi                                                                                             ;950;115003.9;173.14
24-05-2022;25;Kondepi                                                                                             ;1059;116101.4;163.88
25-05-2022;25;Kondepi                                                                                             ;714;83881.3;173.28
26-05-2022;25;Kondepi                                                                                             ;649;75879.4;171.16
27-05-2022;25;Kondepi                                                                                             ;368;41867.6;163.11
28-05-2022;25;Kondepi                                                                                             ;703;82291.6;165.75
30-05-2022;25;Kondepi                                                                                             ;817;97420.9;163.51
31-05-2022;25;Kondepi                                                                                             ;611;70656.2;168.99
01-06-2022;25;Kondepi                                                                                             ;817;98135.9;175.62
02-06-2022;25;Kondepi                                                                                             ;893;107778;171.45
14-03-2022;26;Kandukur - I                                                                                        ;18;2504.4;185
15-03-2022;26;Kandukur - I                                                                                        ;18;2506.2;185
16-03-2022;26;Kandukur - I                                                                                        ;82;10648.7;184.37
17-03-2022;26;Kandukur - I                                                                                        ;181;23284;184.01
18-03-2022;26;Kandukur - I                                                                                        ;341;42289.5;184.42
19-03-2022;26;Kandukur - I                                                                                        ;337;43836.6;184.66
21-03-2022;26;Kandukur - I                                                                                        ;574;74759.6;184.73
22-03-2022;26;Kandukur - I                                                                                        ;484;61118.8;184.89
23-03-2022;26;Kandukur - I                                                                                        ;618;82678.5;184.72
24-03-2022;26;Kandukur - I                                                                                        ;675;85507.4;184.57
25-03-2022;26;Kandukur - I                                                                                        ;514;68527.9;184.37
26-03-2022;26;Kandukur - I                                                                                        ;892;115464.1;184.55
28-03-2022;26;Kandukur - I                                                                                        ;947;126319.6;184.52
29-03-2022;26;Kandukur - I                                                                                        ;764;106005.5;183.54
30-03-2022;26;Kandukur - I                                                                                        ;621;83113.1;182.68
31-03-2022;26;Kandukur - I                                                                                        ;887;117032.5;183.73
01-04-2022;26;Kandukur - I                                                                                        ;894;120555.5;183.65
04-04-2022;26;Kandukur - I                                                                                        ;746;101708.8;183.58
05-04-2022;26;Kandukur - I                                                                                        ;826;111373.3;184.14
06-04-2022;26;Kandukur - I                                                                                        ;793;109230.3;183.89
07-04-2022;26;Kandukur - I                                                                                        ;286;38793.7;183.54
08-04-2022;26;Kandukur - I                                                                                        ;451;59538.9;183.8
09-04-2022;26;Kandukur - I                                                                                        ;476;65054.9;183.43
11-04-2022;26;Kandukur - I                                                                                        ;819;109911.9;184.06
12-04-2022;26;Kandukur - I                                                                                        ;653;89035.3;182.87
13-04-2022;26;Kandukur - I                                                                                        ;642;90777.9;182.75
18-04-2022;26;Kandukur - I                                                                                        ;600;82327;177.92
19-04-2022;26;Kandukur - I                                                                                        ;793;106573.6;181
20-04-2022;26;Kandukur - I                                                                                        ;643;87220.3;178.71
21-04-2022;26;Kandukur - I                                                                                        ;574;79252.8;179.8
22-04-2022;26;Kandukur - I                                                                                        ;679;91417.4;181.72
23-04-2022;26;Kandukur - I                                                                                        ;726;99974.7;183.31
25-04-2022;26;Kandukur - I                                                                                        ;722;96265.9;178.2
26-04-2022;26;Kandukur - I                                                                                        ;627;84849.5;179.35
27-04-2022;26;Kandukur - I                                                                                        ;842;110980.7;177.54
28-04-2022;26;Kandukur - I                                                                                        ;828;109962.4;175.95
29-04-2022;26;Kandukur - I                                                                                        ;789;107849.4;176.76
30-04-2022;26;Kandukur - I                                                                                        ;781;104029.1;179.17
02-05-2022;26;Kandukur - I                                                                                        ;973;126292.8;180.65
04-05-2022;26;Kandukur - I                                                                                        ;965;125439.1;172.83
05-05-2022;26;Kandukur - I                                                                                        ;950;125161;176.17
06-05-2022;26;Kandukur - I                                                                                        ;1182;152260.7;178.26
07-05-2022;26;Kandukur - I                                                                                        ;1090;143309.5;178.5
09-05-2022;26;Kandukur - I                                                                                        ;387;49292.8;177.01
10-05-2022;26;Kandukur - I                                                                                        ;661;80142.5;167.95
11-05-2022;26;Kandukur - I                                                                                        ;942;116521.2;167.36
12-05-2022;26;Kandukur - I                                                                                        ;168;21583;159.25
13-05-2022;26;Kandukur - I                                                                                        ;341;41877.9;169.39
14-05-2022;26;Kandukur - I                                                                                        ;565;70613.3;165.16
17-05-2022;26;Kandukur - I                                                                                        ;1097;140687;169.9
18-05-2022;26;Kandukur - I                                                                                        ;971;124510.8;169.9
19-05-2022;26;Kandukur - I                                                                                        ;877;112515.5;173.05
21-05-2022;26;Kandukur - I                                                                                        ;1123;139745.7;179.91
24-05-2022;26;Kandukur - I                                                                                        ;764;90564.2;160.7
25-05-2022;26;Kandukur - I                                                                                        ;369;44778.8;174.17
26-05-2022;26;Kandukur - I                                                                                        ;933;116086.7;170.1
27-05-2022;26;Kandukur - I                                                                                        ;684;85747.9;174.78
28-05-2022;26;Kandukur - I                                                                                        ;430;51377.7;171.46
30-05-2022;26;Kandukur - I                                                                                        ;992;123168;172.98
31-05-2022;26;Kandukur - I                                                                                        ;347;42505.8;177.23
01-06-2022;26;Kandukur - I                                                                                        ;682;76296.6;160.39
02-06-2022;26;Kandukur - I                                                                                        ;619;73086.9;162.01
