admin/auctions_csv/abc.csv
Date      ;APF NO    ;APF Name                                                                                            ;No.of Bales;Qty Sold      ;Avg Price     
14-03-2022;27;Kandukur - II                                                                                       ;18;2107.7;185
15-03-2022;27;Kandukur - II                                                                                       ;27;3279.4;185
16-03-2022;27;Kandukur - II                                                                                       ;79;10048.2;184.53
17-03-2022;27;Kandukur - II                                                                                       ;148;19218.5;184.13
18-03-2022;27;Kandukur - II                                                                                       ;255;34260.8;184.03
19-03-2022;27;Kandukur - II                                                                                       ;363;48587.6;183.99
21-03-2022;27;Kandukur - II                                                                                       ;323;40951.7;184.82
22-03-2022;27;Kandukur - II                                                                                       ;399;52479.4;184.81
23-03-2022;27;Kandukur - II                                                                                       ;390;51015.5;184.52
24-03-2022;27;Kandukur - II                                                                                       ;607;81678.6;184.56
25-03-2022;27;Kandukur - II                                                                                       ;500;65556.7;184.47
26-03-2022;27;Kandukur - II                                                                                       ;626;81126.2;184.64
28-03-2022;27;Kandukur - II                                                                                       ;536;70493.5;184.21
29-03-2022;27;Kandukur - II                                                                                       ;610;79434.2;184.18
30-03-2022;27;Kandukur - II                                                                                       ;526;69933.3;182.49
31-03-2022;27;Kandukur - II                                                                                       ;536;75575.2;183.66
01-04-2022;27;Kandukur - II                                                                                       ;505;71656.2;183.32
04-04-2022;27;Kandukur - II                                                                                       ;614;80847.6;183.8
05-04-2022;27;Kandukur - II                                                                                       ;468;63298.2;183.48
06-04-2022;27;Kandukur - II                                                                                       ;480;64484.8;183.45
07-04-2022;27;Kandukur - II                                                                                       ;814;112613.5;184.06
08-04-2022;27;Kandukur - II                                                                                       ;686;92448.5;184
09-04-2022;27;Kandukur - II                                                                                       ;755;102089.4;184.22
11-04-2022;27;Kandukur - II                                                                                       ;536;72298.3;183.85
12-04-2022;27;Kandukur - II                                                                                       ;827;111915.9;184.5
13-04-2022;27;Kandukur - II                                                                                       ;585;77193.8;173.64
18-04-2022;27;Kandukur - II                                                                                       ;559;78664.3;178.34
19-04-2022;27;Kandukur - II                                                                                       ;521;72325.4;175.05
20-04-2022;27;Kandukur - II                                                                                       ;609;80560.4;174.74
21-04-2022;27;Kandukur - II                                                                                       ;426;57855.2;179.4
22-04-2022;27;Kandukur - II                                                                                       ;489;65948.9;179.76
23-04-2022;27;Kandukur - II                                                                                       ;480;66852.5;179.02
25-04-2022;27;Kandukur - II                                                                                       ;549;74181.9;179.7
26-04-2022;27;Kandukur - II                                                                                       ;635;85067.7;175.91
27-04-2022;27;Kandukur - II                                                                                       ;737;98878.5;178.54
28-04-2022;27;Kandukur - II                                                                                       ;791;102377.3;171.98
29-04-2022;27;Kandukur - II                                                                                       ;799;104574.8;173.73
30-04-2022;27;Kandukur - II                                                                                       ;611;80335.7;172.82
02-05-2022;27;Kandukur - II                                                                                       ;795;103513.1;172.53
04-05-2022;27;Kandukur - II                                                                                       ;744;99492.7;171.63
05-05-2022;27;Kandukur - II                                                                                       ;661;88274.8;175.79
06-05-2022;27;Kandukur - II                                                                                       ;628;80147.9;178.62
07-05-2022;27;Kandukur - II                                                                                       ;213;27336;175.44
09-05-2022;27;Kandukur - II                                                                                       ;703;89038.5;175.93
10-05-2022;27;Kandukur - II                                                                                       ;705;86550.6;173.92
12-05-2022;27;Kandukur - II                                                                                       ;679;86285.6;171.31
13-05-2022;27;Kandukur - II                                                                                       ;571;70129.5;170.21
14-05-2022;27;Kandukur - II                                                                                       ;652;82053.8;164.9
17-05-2022;27;Kandukur - II                                                                                       ;350;43220.6;166.91
18-05-2022;27;Kandukur - II                                                                                       ;816;101284.6;172.71
19-05-2022;27;Kandukur - II                                                                                       ;783;95049.6;173.12
20-05-2022;27;Kandukur - II                                                                                       ;928;114572.4;178.21
21-05-2022;27;Kandukur - II                                                                                       ;737;92514.2;181.15
24-05-2022;27;Kandukur - II                                                                                       ;927;112204.4;176.55
25-05-2022;27;Kandukur - II                                                                                       ;846;103463.5;176.95
26-05-2022;27;Kandukur - II                                                                                       ;357;46811.4;182.96
27-05-2022;27;Kandukur - II                                                                                       ;420;51549.8;175.22
28-05-2022;27;Kandukur - II                                                                                       ;1019;125872.8;172.56
30-05-2022;27;Kandukur - II                                                                                       ;705;85684.1;173.98
31-05-2022;27;Kandukur - II                                                                                       ;775;89002.2;165.81
01-06-2022;27;Kandukur - II                                                                                       ;491;58071.6;167.65
02-06-2022;27;Kandukur - II                                                                                       ;504;59325.5;175.65
28-03-2022;28;Kaligiri                                                                                            ;18;2352.2;185
29-03-2022;28;Kaligiri                                                                                            ;36;4674.5;185
30-03-2022;28;Kaligiri                                                                                            ;361;44985;184.58
31-03-2022;28;Kaligiri                                                                                            ;341;43741.2;182.95
01-04-2022;28;Kaligiri                                                                                            ;299;39165.4;183.66
04-04-2022;28;Kaligiri                                                                                            ;370;47939.7;184.22
05-04-2022;28;Kaligiri                                                                                            ;362;48647.5;184.12
06-04-2022;28;Kaligiri                                                                                            ;328;43350.4;184.04
07-04-2022;28;Kaligiri                                                                                            ;371;47792.9;184.31
08-04-2022;28;Kaligiri                                                                                            ;403;53408.9;183.3
09-04-2022;28;Kaligiri                                                                                            ;412;54649.7;184.21
11-04-2022;28;Kaligiri                                                                                            ;338;45233.5;184.06
12-04-2022;28;Kaligiri                                                                                            ;361;49175;183.48
13-04-2022;28;Kaligiri                                                                                            ;324;42525.3;183.64
18-04-2022;28;Kaligiri                                                                                            ;362;47043.3;181.26
19-04-2022;28;Kaligiri                                                                                            ;514;68867.6;180.62
20-04-2022;28;Kaligiri                                                                                            ;491;66045.9;178.06
21-04-2022;28;Kaligiri                                                                                            ;351;47143.1;178.17
22-04-2022;28;Kaligiri                                                                                            ;396;53573;177.71
23-04-2022;28;Kaligiri                                                                                            ;438;56514.3;178.05
25-04-2022;28;Kaligiri                                                                                            ;310;38831.1;177.35
26-04-2022;28;Kaligiri                                                                                            ;513;66757.1;179.15
27-04-2022;28;Kaligiri                                                                                            ;606;77045.6;174.08
28-04-2022;28;Kaligiri                                                                                            ;431;54934.7;174.07
29-04-2022;28;Kaligiri                                                                                            ;643;83670.4;168.96
30-04-2022;28;Kaligiri                                                                                            ;676;84053;167.09
02-05-2022;28;Kaligiri                                                                                            ;589;71709;158.11
04-05-2022;28;Kaligiri                                                                                            ;921;112556.9;162.74
05-05-2022;28;Kaligiri                                                                                            ;492;60553.6;156.95
06-05-2022;28;Kaligiri                                                                                            ;529;66727.6;161.46
07-05-2022;28;Kaligiri                                                                                            ;631;75279.2;162.43
09-05-2022;28;Kaligiri                                                                                            ;547;64185;162.25
10-05-2022;28;Kaligiri                                                                                            ;506;57464.9;160.84
11-05-2022;28;Kaligiri                                                                                            ;342;38823.6;169.84
13-05-2022;28;Kaligiri                                                                                            ;390;45589.4;159.02
14-05-2022;28;Kaligiri                                                                                            ;636;71176.7;160.86
17-05-2022;28;Kaligiri                                                                                            ;627;75252.8;156.6
18-05-2022;28;Kaligiri                                                                                            ;586;68272.5;162.17
19-05-2022;28;Kaligiri                                                                                            ;706;80928.8;162.3
20-05-2022;28;Kaligiri                                                                                            ;684;80313.4;174.55
21-05-2022;28;Kaligiri                                                                                            ;320;36400.4;175.73
23-05-2022;28;Kaligiri                                                                                            ;398;47053.4;168.35
24-05-2022;28;Kaligiri                                                                                            ;476;51822.3;172.07
25-05-2022;28;Kaligiri                                                                                            ;545;61301.6;174.24
26-05-2022;28;Kaligiri                                                                                            ;425;47602.2;177
27-05-2022;28;Kaligiri                                                                                            ;437;52403.2;175.41
28-05-2022;28;Kaligiri                                                                                            ;136;14946.7;175.72
30-05-2022;28;Kaligiri                                                                                            ;833;96984.4;176.87
31-05-2022;28;Kaligiri                                                                                            ;628;69569.6;176.26
01-06-2022;28;Kaligiri                                                                                            ;341;40620.2;178.06
02-06-2022;28;Kaligiri                                                                                            ;551;64591.2;176.79
