admin/auctions_csv/abc.csv
Date      ;APF NO    ;APF Name                                                                                            ;No.of Bales;Qty Sold      ;Avg Price     
14-03-2022;29;D.C. Palli                                                                                          ;18;2447.8;185
15-03-2022;29;D.C. Palli                                                                                          ;125;16189.2;184.04
16-03-2022;29;D.C. Palli                                                                                          ;360;46812.1;183.82
17-03-2022;29;D.C. Palli                                                                                          ;407;51884.9;183.72
18-03-2022;29;D.C. Palli                                                                                          ;707;90883;183.64
19-03-2022;29;D.C. Palli                                                                                          ;618;80636.8;183.93
21-03-2022;29;D.C. Palli                                                                                          ;838;110723.9;184.05
22-03-2022;29;D.C. Palli                                                                                          ;733;96995.7;184.17
23-03-2022;29;D.C. Palli                                                                                          ;466;62086.1;183.56
24-03-2022;29;D.C. Palli                                                                                          ;437;57842.6;184.31
25-03-2022;29;D.C. Palli                                                                                          ;595;80186.3;184.39
26-03-2022;29;D.C. Palli                                                                                          ;925;123535.8;184.18
28-03-2022;29;D.C. Palli                                                                                          ;487;65799.1;183.91
29-03-2022;29;D.C. Palli                                                                                          ;668;89719.9;183.48
30-03-2022;29;D.C. Palli                                                                                          ;371;50444.7;183.3
31-03-2022;29;D.C. Palli                                                                                          ;510;68947.3;183.29
01-04-2022;29;D.C. Palli                                                                                          ;529;71417.6;183.47
04-04-2022;29;D.C. Palli                                                                                          ;383;51996.6;182.27
05-04-2022;29;D.C. Palli                                                                                          ;365;49253.9;182.33
06-04-2022;29;D.C. Palli                                                                                          ;403;55011.5;182.85
07-04-2022;29;D.C. Palli                                                                                          ;337;46484.5;183.02
08-04-2022;29;D.C. Palli                                                                                          ;374;49742.5;182.29
09-04-2022;29;D.C. Palli                                                                                          ;330;43587.4;181.94
11-04-2022;29;D.C. Palli                                                                                          ;407;54570.2;180.9
12-04-2022;29;D.C. Palli                                                                                          ;460;60471;179.48
13-04-2022;29;D.C. Palli                                                                                          ;503;66937;179.45
18-04-2022;29;D.C. Palli                                                                                          ;416;55952;177.39
19-04-2022;29;D.C. Palli                                                                                          ;468;62877;175.5
20-04-2022;29;D.C. Palli                                                                                          ;579;77179.1;176.09
21-04-2022;29;D.C. Palli                                                                                          ;496;65841.7;175.73
22-04-2022;29;D.C. Palli                                                                                          ;451;59920.1;175.97
23-04-2022;29;D.C. Palli                                                                                          ;370;48411.5;177.87
25-04-2022;29;D.C. Palli                                                                                          ;653;83953.8;166.8
26-04-2022;29;D.C. Palli                                                                                          ;834;105476.3;165.39
27-04-2022;29;D.C. Palli                                                                                          ;843;103233.7;150.5
28-04-2022;29;D.C. Palli                                                                                          ;926;111733.7;145.84
29-04-2022;29;D.C. Palli                                                                                          ;973;116422.1;147.48
02-05-2022;29;D.C. Palli                                                                                          ;704;86961.3;157.16
04-05-2022;29;D.C. Palli                                                                                          ;903;109817.8;154.15
05-05-2022;29;D.C. Palli                                                                                          ;722;86620.8;155.28
06-05-2022;29;D.C. Palli                                                                                          ;326;36712.9;153.14
07-05-2022;29;D.C. Palli                                                                                          ;965;117515.4;165.84
09-05-2022;29;D.C. Palli                                                                                          ;426;50453.2;162.54
10-05-2022;29;D.C. Palli                                                                                          ;455;53797.1;162.93
11-05-2022;29;D.C. Palli                                                                                          ;812;94423.8;166.45
12-05-2022;29;D.C. Palli                                                                                          ;431;51050.9;166.52
13-05-2022;29;D.C. Palli                                                                                          ;898;106378.2;158.94
14-05-2022;29;D.C. Palli                                                                                          ;840;90829.1;156.28
18-05-2022;29;D.C. Palli                                                                                          ;634;76407.4;161.51
19-05-2022;29;D.C. Palli                                                                                          ;743;87572.6;165.85
20-05-2022;29;D.C. Palli                                                                                          ;611;71833;166.68
21-05-2022;29;D.C. Palli                                                                                          ;716;86275;175.01
23-05-2022;29;D.C. Palli                                                                                          ;660;78688.7;179.4
24-05-2022;29;D.C. Palli                                                                                          ;686;81178.2;176.81
25-05-2022;29;D.C. Palli                                                                                          ;722;81471.3;171.92
26-05-2022;29;D.C. Palli                                                                                          ;913;106434.9;175.57
28-05-2022;29;D.C. Palli                                                                                          ;1171;137814.6;172.08
31-05-2022;29;D.C. Palli                                                                                          ;452;53447;175.99
01-06-2022;29;D.C. Palli                                                                                          ;564;68661.8;177.32
02-06-2022;29;D.C. Palli                                                                                          ;709;88811.6;178.61
28-03-2022;30;koyyalagudem                                                                                        ;18;2311.1;195
29-03-2022;30;koyyalagudem                                                                                        ;107;14808.5;194
30-03-2022;30;koyyalagudem                                                                                        ;229;30642.4;185.98
31-03-2022;30;koyyalagudem                                                                                        ;136;17854;181.95
01-04-2022;30;koyyalagudem                                                                                        ;156;20398.8;180.37
04-04-2022;30;koyyalagudem                                                                                        ;279;37330.9;184.35
05-04-2022;30;koyyalagudem                                                                                        ;527;69284.7;184.48
06-04-2022;30;koyyalagudem                                                                                        ;600;78209;182.21
07-04-2022;30;koyyalagudem                                                                                        ;481;59167.7;172.97
08-04-2022;30;koyyalagudem                                                                                        ;606;73768.4;169.91
09-04-2022;30;koyyalagudem                                                                                        ;560;69520.7;173.5
11-04-2022;30;koyyalagudem                                                                                        ;687;83278.8;170.69
12-04-2022;30;koyyalagudem                                                                                        ;650;78479.3;171.03
13-04-2022;30;koyyalagudem                                                                                        ;780;96695.5;174.01
18-04-2022;30;koyyalagudem                                                                                        ;669;79219.6;170.41
19-04-2022;30;koyyalagudem                                                                                        ;744;89682.8;171.17
20-04-2022;30;koyyalagudem                                                                                        ;797;95423.1;171.51
21-04-2022;30;koyyalagudem                                                                                        ;882;107880.5;173.49
22-04-2022;30;koyyalagudem                                                                                        ;822;99074.8;171.22
23-04-2022;30;koyyalagudem                                                                                        ;524;63561.9;174.93
25-04-2022;30;koyyalagudem                                                                                        ;1014;122748.3;174.21
26-04-2022;30;koyyalagudem                                                                                        ;883;105716.3;175.76
27-04-2022;30;koyyalagudem                                                                                        ;828;101698.1;179.48
28-04-2022;30;koyyalagudem                                                                                        ;914;110861.4;179.58
29-04-2022;30;koyyalagudem                                                                                        ;975;114588.8;174.9
30-04-2022;30;koyyalagudem                                                                                        ;732;87940.3;178.2
02-05-2022;30;koyyalagudem                                                                                        ;974;118150.2;179.75
04-05-2022;30;koyyalagudem                                                                                        ;962;114731.2;179.26
05-05-2022;30;koyyalagudem                                                                                        ;829;96434.6;179.04
06-05-2022;30;koyyalagudem                                                                                        ;941;113611.3;184.33
07-05-2022;30;koyyalagudem                                                                                        ;746;90397.7;185.26
09-05-2022;30;koyyalagudem                                                                                        ;917;108993.9;183.47
10-05-2022;30;koyyalagudem                                                                                        ;1029;119086.2;180.49
11-05-2022;30;koyyalagudem                                                                                        ;976;114641.2;183.01
12-05-2022;30;koyyalagudem                                                                                        ;722;87893.3;185.17
13-05-2022;30;koyyalagudem                                                                                        ;956;115894.2;185.5
14-05-2022;30;koyyalagudem                                                                                        ;552;62986.9;178.26
17-05-2022;30;koyyalagudem                                                                                        ;823;99727.7;184.24
18-05-2022;30;koyyalagudem                                                                                        ;940;112789.4;183.24
19-05-2022;30;koyyalagudem                                                                                        ;981;118080.6;185.76
20-05-2022;30;koyyalagudem                                                                                        ;912;104792.5;180.47
21-05-2022;30;koyyalagudem                                                                                        ;550;66796.4;182.14
23-05-2022;30;koyyalagudem                                                                                        ;1024;125372.9;185.42
24-05-2022;30;koyyalagudem                                                                                        ;769;91805.9;186.11
25-05-2022;30;koyyalagudem                                                                                        ;254;30811;187.65
26-05-2022;30;koyyalagudem                                                                                        ;696;83178.4;183.97
27-05-2022;30;koyyalagudem                                                                                        ;476;57533.2;186.97
28-05-2022;30;koyyalagudem                                                                                        ;737;86670.6;185.88
30-05-2022;30;koyyalagudem                                                                                        ;912;107358.1;187.43
31-05-2022;30;koyyalagudem                                                                                        ;742;87979.6;185.99
01-06-2022;30;koyyalagudem                                                                                        ;846;100943.8;184.7
02-06-2022;30;koyyalagudem                                                                                        ;508;61496.6;185.99
