admin/auctions_csv/abc.csv
Date      ;APF NO    ;APF Name                                                                                            ;No.of Bales;Qty Sold      ;Avg Price     
14-03-2022;31;Vellampally-II                                                                                      ;18;2374.8;185
15-03-2022;31;Vellampally-II                                                                                      ;50;6845.9;185
16-03-2022;31;Vellampally-II                                                                                      ;154;20075.1;184.22
17-03-2022;31;Vellampally-II                                                                                      ;221;29422.2;183.09
18-03-2022;31;Vellampally-II                                                                                      ;373;50148.7;181.17
19-03-2022;31;Vellampally-II                                                                                      ;345;45687.4;182.71
21-03-2022;31;Vellampally-II                                                                                      ;300;39966.8;181.74
22-03-2022;31;Vellampally-II                                                                                      ;272;36393.1;183.16
23-03-2022;31;Vellampally-II                                                                                      ;291;38665.5;182.21
24-03-2022;31;Vellampally-II                                                                                      ;322;44227.4;182.11
25-03-2022;31;Vellampally-II                                                                                      ;300;40154.6;182.31
26-03-2022;31;Vellampally-II                                                                                      ;493;66851.9;182.47
28-03-2022;31;Vellampally-II                                                                                      ;499;68352.2;182.18
29-03-2022;31;Vellampally-II                                                                                      ;488;66619.1;178.74
30-03-2022;31;Vellampally-II                                                                                      ;392;53113.9;180.83
31-03-2022;31;Vellampally-II                                                                                      ;209;28940.4;179.01
01-04-2022;31;Vellampally-II                                                                                      ;380;51721.9;181.19
04-04-2022;31;Vellampally-II                                                                                      ;519;70340;181.73
05-04-2022;31;Vellampally-II                                                                                      ;421;58130.9;180.4
06-04-2022;31;Vellampally-II                                                                                      ;299;41008.5;181.4
07-04-2022;31;Vellampally-II                                                                                      ;370;49676.7;182.44
08-04-2022;31;Vellampally-II                                                                                      ;505;67091.4;179.95
09-04-2022;31;Vellampally-II                                                                                      ;418;57189.3;177.24
11-04-2022;31;Vellampally-II                                                                                      ;481;64193.9;176.89
12-04-2022;31;Vellampally-II                                                                                      ;251;34191.4;173.7
13-04-2022;31;Vellampally-II                                                                                      ;398;53115.1;174.89
18-04-2022;31;Vellampally-II                                                                                      ;562;73919;168.41
19-04-2022;31;Vellampally-II                                                                                      ;583;78149.3;162.45
20-04-2022;31;Vellampally-II                                                                                      ;416;54787.2;158.53
21-04-2022;31;Vellampally-II                                                                                      ;369;48506.6;168.72
22-04-2022;31;Vellampally-II                                                                                      ;556;70372.4;156.83
23-04-2022;31;Vellampally-II                                                                                      ;617;81640.8;161.03
25-04-2022;31;Vellampally-II                                                                                      ;500;64113.4;157.1
26-04-2022;31;Vellampally-II                                                                                      ;463;60303.8;165.46
27-04-2022;31;Vellampally-II                                                                                      ;641;83564.7;153.72
28-04-2022;31;Vellampally-II                                                                                      ;626;78912.8;151.25
29-04-2022;31;Vellampally-II                                                                                      ;779;99709.1;150.17
30-04-2022;31;Vellampally-II                                                                                      ;614;77587.4;150.39
02-05-2022;31;Vellampally-II                                                                                      ;568;72990.6;153.23
04-05-2022;31;Vellampally-II                                                                                      ;733;89059.5;155.94
05-05-2022;31;Vellampally-II                                                                                      ;820;104583.3;157.48
06-05-2022;31;Vellampally-II                                                                                      ;701;88377.6;154.29
07-05-2022;31;Vellampally-II                                                                                      ;630;79162.6;165.1
09-05-2022;31;Vellampally-II                                                                                      ;767;95750.7;155.72
10-05-2022;31;Vellampally-II                                                                                      ;787;96167.5;158.96
12-05-2022;31;Vellampally-II                                                                                      ;821;100885.5;147.34
13-05-2022;31;Vellampally-II                                                                                      ;704;84965.5;149.67
17-05-2022;31;Vellampally-II                                                                                      ;677;80633.2;164.71
18-05-2022;31;Vellampally-II                                                                                      ;779;90215.3;163.81
19-05-2022;31;Vellampally-II                                                                                      ;873;105596.6;172.56
20-05-2022;31;Vellampally-II                                                                                      ;761;91187.5;171.12
21-05-2022;31;Vellampally-II                                                                                      ;710;85463.4;176.35
24-05-2022;31;Vellampally-II                                                                                      ;793;95800.5;164.65
25-05-2022;31;Vellampally-II                                                                                      ;780;91899.8;161.5
26-05-2022;31;Vellampally-II                                                                                      ;936;104241.6;164.59
27-05-2022;31;Vellampally-II                                                                                      ;634;73402.3;165.13
28-05-2022;31;Vellampally-II                                                                                      ;650;75968.7;165.17
30-05-2022;31;Vellampally-II                                                                                      ;766;83156;158.41
01-06-2022;31;Vellampally-II                                                                                      ;833;95645.4;165.64
02-06-2022;31;Vellampally-II                                                                                      ;696;72895.5;164.36
28-03-2022;32;J.R. Gudem- II                                                                                      ;27;3819.7;195
29-03-2022;32;J.R. Gudem- II                                                                                      ;300;40190.4;191.31
30-03-2022;32;J.R. Gudem- II                                                                                      ;234;31490.7;188.29
31-03-2022;32;J.R. Gudem- II                                                                                      ;284;37481.8;186.11
01-04-2022;32;J.R. Gudem- II                                                                                      ;275;36199.8;187.12
04-04-2022;32;J.R. Gudem- II                                                                                      ;478;62954.5;182.17
05-04-2022;32;J.R. Gudem- II                                                                                      ;506;66744.5;184.39
06-04-2022;32;J.R. Gudem- II                                                                                      ;516;66699;180.55
07-04-2022;32;J.R. Gudem- II                                                                                      ;309;40170.2;178.18
08-04-2022;32;J.R. Gudem- II                                                                                      ;490;63804.3;180.09
09-04-2022;32;J.R. Gudem- II                                                                                      ;185;24618;177
11-04-2022;32;J.R. Gudem- II                                                                                      ;320;41656.7;183.32
12-04-2022;32;J.R. Gudem- II                                                                                      ;1381;176232;179.07
13-04-2022;32;J.R. Gudem- II                                                                                      ;782;100056.6;175.51
18-04-2022;32;J.R. Gudem- II                                                                                      ;1062;134866.7;178.99
19-04-2022;32;J.R. Gudem- II                                                                                      ;1093;137904;181.31
20-04-2022;32;J.R. Gudem- II                                                                                      ;844;105824.5;178.8
21-04-2022;32;J.R. Gudem- II                                                                                      ;369;45757.5;179.8
22-04-2022;32;J.R. Gudem- II                                                                                      ;890;110250.1;179.18
23-04-2022;32;J.R. Gudem- II                                                                                      ;440;54618.4;177.8
25-04-2022;32;J.R. Gudem- II                                                                                      ;841;105567.1;179.96
26-04-2022;32;J.R. Gudem- II                                                                                      ;464;58429.3;181.49
27-04-2022;32;J.R. Gudem- II                                                                                      ;702;84753.7;180.14
28-04-2022;32;J.R. Gudem- II                                                                                      ;515;61986.6;180.92
29-04-2022;32;J.R. Gudem- II                                                                                      ;806;99283.2;180.95
30-04-2022;32;J.R. Gudem- II                                                                                      ;928;115032.3;179.68
02-05-2022;32;J.R. Gudem- II                                                                                      ;1006;123776;181.5
04-05-2022;32;J.R. Gudem- II                                                                                      ;1201;144808.3;182.43
05-05-2022;32;J.R. Gudem- II                                                                                      ;979;118956.1;180.54
06-05-2022;32;J.R. Gudem- II                                                                                      ;1296;159014.8;181.26
07-05-2022;32;J.R. Gudem- II                                                                                      ;723;89534.7;183.64
09-05-2022;32;J.R. Gudem- II                                                                                      ;1244;147608.5;185.95
10-05-2022;32;J.R. Gudem- II                                                                                      ;1036;125456.9;183.89
11-05-2022;32;J.R. Gudem- II                                                                                      ;895;107613.2;184.14
12-05-2022;32;J.R. Gudem- II                                                                                      ;711;88356;188.66
13-05-2022;32;J.R. Gudem- II                                                                                      ;1002;117149.1;182.94
14-05-2022;32;J.R. Gudem- II                                                                                      ;1033;125759.5;183.71
17-05-2022;32;J.R. Gudem- II                                                                                      ;841;103541.4;183.2
18-05-2022;32;J.R. Gudem- II                                                                                      ;874;108195.3;182.42
19-05-2022;32;J.R. Gudem- II                                                                                      ;613;71816.5;184.98
20-05-2022;32;J.R. Gudem- II                                                                                      ;469;55854.8;183.13
21-05-2022;32;J.R. Gudem- II                                                                                      ;1291;159211.8;182.75
23-05-2022;32;J.R. Gudem- II                                                                                      ;1316;159772.4;187.24
24-05-2022;32;J.R. Gudem- II                                                                                      ;1149;134787.4;185.55
25-05-2022;32;J.R. Gudem- II                                                                                      ;880;105824.2;184.94
26-05-2022;32;J.R. Gudem- II                                                                                      ;896;105311.3;183.47
27-05-2022;32;J.R. Gudem- II                                                                                      ;790;90757.4;186.24
28-05-2022;32;J.R. Gudem- II                                                                                      ;1071;126726.6;183.8
30-05-2022;32;J.R. Gudem- II                                                                                      ;1040;118547.6;181.71
31-05-2022;32;J.R. Gudem- II                                                                                      ;970;108950.2;181.37
01-06-2022;32;J.R. Gudem- II                                                                                      ;914;105337;184.4
02-06-2022;32;J.R. Gudem- II                                                                                      ;672;77288.2;182.84
